// Jest Snapshot v1, https://goo.gl/fbAQLP

exports[`<StarRating /> should match snapshot 1`] = `
<div>
  <div
    class="StarRating"
    data-testid="rating"
  >
    <div
      class="StarRating__icons"
    >
      <svg
        class="Star StarRating__icon Star--is-active"
        data-testid="star"
        viewBox="0 0 14 12"
        xmlns="http://www.w3.org/2000/svg"
      >
        <path
          clip-rule="evenodd"
          d="M6.667 9.95L2.547 12l.786-4.342L0 4.584l4.607-.634L6.667 0l2.06 3.95 4.606.634L10 7.658 10.787 12l-4.12-2.05z"
          fill-rule="evenodd"
        />
      </svg>
      <svg
        class="Star StarRating__icon Star--is-active"
        data-testid="star"
        viewBox="0 0 14 12"
        xmlns="http://www.w3.org/2000/svg"
      >
        <path
          clip-rule="evenodd"
          d="M6.667 9.95L2.547 12l.786-4.342L0 4.584l4.607-.634L6.667 0l2.06 3.95 4.606.634L10 7.658 10.787 12l-4.12-2.05z"
          fill-rule="evenodd"
        />
      </svg>
      <svg
        class="Star StarRating__icon Star--is-active"
        data-testid="star"
        viewBox="0 0 14 12"
        xmlns="http://www.w3.org/2000/svg"
      >
        <path
          clip-rule="evenodd"
          d="M6.667 9.95L2.547 12l.786-4.342L0 4.584l4.607-.634L6.667 0l2.06 3.95 4.606.634L10 7.658 10.787 12l-4.12-2.05z"
          fill-rule="evenodd"
        />
      </svg>
      <svg
        class="Star StarRating__icon Star--is-active"
        data-testid="star"
        viewBox="0 0 14 12"
        xmlns="http://www.w3.org/2000/svg"
      >
        <path
          clip-rule="evenodd"
          d="M6.667 9.95L2.547 12l.786-4.342L0 4.584l4.607-.634L6.667 0l2.06 3.95 4.606.634L10 7.658 10.787 12l-4.12-2.05z"
          fill-rule="evenodd"
        />
      </svg>
      <svg
        class="Star StarRating__icon"
        data-testid="star"
        viewBox="0 0 14 12"
        xmlns="http://www.w3.org/2000/svg"
      >
        <path
          clip-rule="evenodd"
          d="M6.667 9.95L2.547 12l.786-4.342L0 4.584l4.607-.634L6.667 0l2.06 3.95 4.606.634L10 7.658 10.787 12l-4.12-2.05z"
          fill-rule="evenodd"
        />
      </svg>
    </div>
  </div>
</div>
`;
